\BOOKMARK [1][-]{section.1}{\376\377\000I\000m\000p\000l\000e\000m\000e\000n\000t\000a\000t\000i\000o\000n\000\040\000d\000e\000t\000a\000i\000l}{}% 1
\BOOKMARK [2][-]{subsection.1.1}{\376\377\000M\000a\000i\000n\000\040\000S\000e\000a\000r\000c\000g\000\040\000A\000l\000g\000o\000r\000i\000t\000h\000m}{section.1}% 2
\BOOKMARK [2][-]{subsection.1.2}{\376\377\000B\000o\000a\000r\000d\000\040\000E\000v\000a\000l\000u\000a\000t\000i\000o\000n\000\040\000F\000u\000n\000c\000t\000i\000o\000n}{section.1}% 3
\BOOKMARK [3][-]{subsubsection.1.2.1}{\376\377\000P\000i\000e\000c\000e\000s\000\040\000V\000a\000l\000u\000e}{subsection.1.2}% 4
\BOOKMARK [3][-]{subsubsection.1.2.2}{\376\377\000D\000i\000s\000t\000a\000n\000c\000e\000\040\000S\000c\000o\000r\000e}{subsection.1.2}% 5
\BOOKMARK [3][-]{subsubsection.1.2.3}{\376\377\000S\000o\000l\000d\000i\000e\000r\000/\000G\000e\000n\000e\000r\000a\000l\000\040\000s\000c\000o\000r\000e}{subsection.1.2}% 6
\BOOKMARK [3][-]{subsubsection.1.2.4}{\376\377\000E\000v\000a\000l\000u\000a\000t\000i\000o\000n\000\040\000F\000u\000n\000c\000t\000i\000o\000n}{subsection.1.2}% 7
\BOOKMARK [2][-]{subsection.1.3}{\376\377\000M\000o\000v\000e\000\040\000O\000r\000d\000e\000r\000i\000n\000g}{section.1}% 8
\BOOKMARK [2][-]{subsection.1.4}{\376\377\000T\000i\000m\000e\000\040\000C\000o\000n\000t\000r\000o\000l}{section.1}% 9
\BOOKMARK [1][-]{section.2}{\376\377\000L\000o\000c\000a\000t\000i\000o\000n\000\040\000o\000f\000\040\000f\000u\000n\000c\000t\000i\000o\000n\000s}{}% 10
\BOOKMARK [1][-]{section.3}{\376\377\000E\000x\000p\000e\000r\000i\000m\000e\000n\000t\000s}{}% 11
\BOOKMARK [2][-]{subsection.3.1}{\376\377\000E\000f\000f\000e\000c\000t\000\040\000o\000f\000\040\000N\000e\000g\000a\000s\000c\000o\000u\000t}{section.3}% 12
\BOOKMARK [2][-]{subsection.3.2}{\376\377\000E\000f\000f\000e\000c\000t\000\040\000o\000f\000\040\000Q\000u\000i\000e\000s\000c\000e\000n\000c\000e\000\040\000s\000e\000a\000r\000c\000h\000i\000n\000g}{section.3}% 13
\BOOKMARK [3][-]{subsubsection.3.2.1}{\376\377\000E\000x\000p\000e\000r\000i\000m\000e\000n\000t\000\040\000o\000f\000\040\000w\000i\000t\000h\000/\000w\000i\000t\000h\000o\000u\000t\000\040\000Q\000u\000i\000e\000s\000c\000e\000n\000c\000e\000\040\000S\000e\000a\000r\000c\000h}{subsection.3.2}% 14
\BOOKMARK [3][-]{subsubsection.3.2.2}{\376\377\000E\000x\000p\000e\000r\000i\000m\000e\000n\000t\000s\000\040\000o\000f\000\040\000d\000i\000f\000f\000e\000r\000e\000n\000t\000\040\000q\000u\000i\000e\000s\000c\000e\000n\000c\000e\000-\000s\000e\000a\000r\000c\000h\000\040\000d\000e\000p\000t\000h}{subsection.3.2}% 15
\BOOKMARK [2][-]{subsection.3.3}{\376\377\000E\000f\000f\000e\000c\000t\000\040\000o\000f\000\040\000M\000o\000v\000e\000\040\000O\000r\000d\000e\000r\000i\000n\000g}{section.3}% 16
\BOOKMARK [1][-]{section.4}{\376\377\000A\000p\000p\000e\000n\000d\000i\000x}{}% 17
\BOOKMARK [2][-]{subsubsection.4.0.1}{\376\377\000N\000o\000t\000a\000t\000i\000o\000n\000s\000\040\000o\000f\000\040\000S\000i\000d\000e\000D\000i\000s\000S\000c\000o\000r\000e}{section.4}% 18
\BOOKMARK [3][-]{subsubsection.4.0.2}{\376\377\000A\000l\000g\000o\000r\000i\000t\000h\000m\000\040\000o\000f\000\040\000M\000o\000v\000e\000O\000r\000d\000e\000r\000i\000n\000g}{subsubsection.4.0.1}% 19
\BOOKMARK [3][-]{subsubsection.4.0.3}{\376\377\000D\000e\000t\000a\000i\000l\000\040\000o\000f\000\040\000S\000q\000u\000a\000r\000e\000\040\000E\000v\000a\000l\000u\000a\000t\000i\000o\000n}{subsubsection.4.0.1}% 20
\BOOKMARK [3][-]{subsubsection.4.0.4}{\376\377\000D\000e\000t\000a\000i\000l\000\040\000o\000f\000\040\000H\000i\000s\000t\000o\000r\000y\000\040\000H\000e\000u\000r\000i\000s\000t\000i\000c}{subsubsection.4.0.1}% 21
